FAIL [newcsf] fit: cifar100_paper_sweep/confidnet_bbvgg13_do1_run1_rew2.2
FAIL [ash] fit: cifar100_paper_sweep/confidnet_bbvgg13_do1_run1_rew2.2
FAIL [react] fit: cifar100_paper_sweep/confidnet_bbvgg13_do1_run1_rew2.2
FAIL [newcsf] fit: cifar100_paper_sweep/confidnet_bbvgg13_do1_run2_rew2.2
FAIL [ash] fit: cifar100_paper_sweep/confidnet_bbvgg13_do1_run2_rew2.2
FAIL [react] fit: cifar100_paper_sweep/confidnet_bbvgg13_do1_run2_rew2.2
FAIL [newcsf] fit: cifar100_paper_sweep/confidnet_bbvgg13_do1_run3_rew2.2
FAIL [ash] fit: cifar100_paper_sweep/confidnet_bbvgg13_do1_run3_rew2.2
FAIL [react] fit: cifar100_paper_sweep/confidnet_bbvgg13_do1_run3_rew2.2
FAIL [newcsf] fit: cifar100_paper_sweep/confidnet_bbvgg13_do1_run4_rew2.2
FAIL [ash] fit: cifar100_paper_sweep/confidnet_bbvgg13_do1_run4_rew2.2
FAIL [react] fit: cifar100_paper_sweep/confidnet_bbvgg13_do1_run4_rew2.2
FAIL [newcsf] fit: cifar100_paper_sweep/confidnet_bbvgg13_do1_run5_rew2.2
FAIL [ash] fit: cifar100_paper_sweep/confidnet_bbvgg13_do1_run5_rew2.2
FAIL [react] fit: cifar100_paper_sweep/confidnet_bbvgg13_do1_run5_rew2.2
FAIL [newcsf] fit: cifar100_paper_sweep/devries_bbvgg13_do1_run1_rew2.2
FAIL [ash] fit: cifar100_paper_sweep/devries_bbvgg13_do1_run1_rew2.2
FAIL [react] fit: cifar100_paper_sweep/devries_bbvgg13_do1_run1_rew2.2
FAIL [newcsf] fit: cifar100_paper_sweep/devries_bbvgg13_do1_run2_rew2.2
FAIL [ash] fit: cifar100_paper_sweep/devries_bbvgg13_do1_run2_rew2.2
FAIL [react] fit: cifar100_paper_sweep/devries_bbvgg13_do1_run2_rew2.2
FAIL [newcsf] fit: cifar100_paper_sweep/devries_bbvgg13_do1_run3_rew2.2
FAIL [ash] fit: cifar100_paper_sweep/devries_bbvgg13_do1_run3_rew2.2
FAIL [react] fit: cifar100_paper_sweep/devries_bbvgg13_do1_run3_rew2.2
FAIL [newcsf] fit: cifar100_paper_sweep/devries_bbvgg13_do1_run4_rew2.2
FAIL [ash] fit: cifar100_paper_sweep/devries_bbvgg13_do1_run4_rew2.2
FAIL [react] fit: cifar100_paper_sweep/devries_bbvgg13_do1_run4_rew2.2
FAIL [newcsf] fit: cifar100_paper_sweep/devries_bbvgg13_do1_run5_rew2.2
FAIL [ash] fit: cifar100_paper_sweep/devries_bbvgg13_do1_run5_rew2.2
FAIL [react] fit: cifar100_paper_sweep/devries_bbvgg13_do1_run5_rew2.2
FAIL [newcsf] fit: cifar10_paper_sweep/confidnet_bbvgg13_do1_run1_rew2.2
FAIL [ash] fit: cifar10_paper_sweep/confidnet_bbvgg13_do1_run1_rew2.2
FAIL [react] fit: cifar10_paper_sweep/confidnet_bbvgg13_do1_run1_rew2.2
FAIL [newcsf] fit: cifar10_paper_sweep/confidnet_bbvgg13_do1_run2_rew2.2
FAIL [ash] fit: cifar10_paper_sweep/confidnet_bbvgg13_do1_run2_rew2.2
FAIL [react] fit: cifar10_paper_sweep/confidnet_bbvgg13_do1_run2_rew2.2
FAIL [newcsf] fit: cifar10_paper_sweep/confidnet_bbvgg13_do1_run3_rew2.2
FAIL [ash] fit: cifar10_paper_sweep/confidnet_bbvgg13_do1_run3_rew2.2
FAIL [react] fit: cifar10_paper_sweep/confidnet_bbvgg13_do1_run3_rew2.2
FAIL [newcsf] fit: cifar10_paper_sweep/confidnet_bbvgg13_do1_run4_rew2.2
FAIL [newcsf] fit: supercifar_paper_sweep/confidnet_bbvgg13_do1_run1_rew2.2
FAIL [ash] fit: cifar10_paper_sweep/confidnet_bbvgg13_do1_run4_rew2.2
FAIL [ash] fit: supercifar_paper_sweep/confidnet_bbvgg13_do1_run1_rew2.2
FAIL [react] calibrate: supercifar_paper_sweep/confidnet_bbvgg13_do1_run1_rew2.2
FAIL [react] fit: cifar10_paper_sweep/confidnet_bbvgg13_do1_run4_rew2.2
FAIL [newcsf] fit: supercifar_paper_sweep/confidnet_bbvgg13_do1_run2_rew2.2
FAIL [newcsf] fit: cifar10_paper_sweep/confidnet_bbvgg13_do1_run5_rew2.2
FAIL [ash] fit: supercifar_paper_sweep/confidnet_bbvgg13_do1_run2_rew2.2
FAIL [react] calibrate: supercifar_paper_sweep/confidnet_bbvgg13_do1_run2_rew2.2
FAIL [newcsf] fit: supercifar_paper_sweep/confidnet_bbvgg13_do1_run3_rew2.2
FAIL [ash] fit: cifar10_paper_sweep/confidnet_bbvgg13_do1_run5_rew2.2
FAIL [ash] fit: supercifar_paper_sweep/confidnet_bbvgg13_do1_run3_rew2.2
FAIL [react] calibrate: supercifar_paper_sweep/confidnet_bbvgg13_do1_run3_rew2.2
FAIL [react] fit: cifar10_paper_sweep/confidnet_bbvgg13_do1_run5_rew2.2
FAIL [newcsf] fit: supercifar_paper_sweep/confidnet_bbvgg13_do1_run4_rew2.2
FAIL [ash] fit: supercifar_paper_sweep/confidnet_bbvgg13_do1_run4_rew2.2
FAIL [react] calibrate: supercifar_paper_sweep/confidnet_bbvgg13_do1_run4_rew2.2
FAIL [newcsf] fit: supercifar_paper_sweep/confidnet_bbvgg13_do1_run5_rew2.2
FAIL [ash] fit: supercifar_paper_sweep/confidnet_bbvgg13_do1_run5_rew2.2
FAIL [react] calibrate: supercifar_paper_sweep/confidnet_bbvgg13_do1_run5_rew2.2
FAIL [newcsf] fit: cifar10_paper_sweep/devries_bbvgg13_do1_run1_rew2.2
FAIL [ash] fit: cifar10_paper_sweep/devries_bbvgg13_do1_run1_rew2.2
FAIL [react] fit: cifar10_paper_sweep/devries_bbvgg13_do1_run1_rew2.2
FAIL [newcsf] fit: cifar10_paper_sweep/devries_bbvgg13_do1_run2_rew2.2
FAIL [ash] fit: cifar10_paper_sweep/devries_bbvgg13_do1_run2_rew2.2
FAIL [react] fit: cifar10_paper_sweep/devries_bbvgg13_do1_run2_rew2.2
FAIL [newcsf] fit: cifar10_paper_sweep/devries_bbvgg13_do1_run3_rew2.2
FAIL [ash] fit: cifar10_paper_sweep/devries_bbvgg13_do1_run3_rew2.2
FAIL [newcsf] fit: supercifar_paper_sweep/devries_bbvgg13_do1_run1_rew2.2
FAIL [react] fit: cifar10_paper_sweep/devries_bbvgg13_do1_run3_rew2.2
FAIL [newcsf] fit: cifar10_paper_sweep/devries_bbvgg13_do1_run4_rew2.2
FAIL [ash] fit: supercifar_paper_sweep/devries_bbvgg13_do1_run1_rew2.2
FAIL [react] calibrate: supercifar_paper_sweep/devries_bbvgg13_do1_run1_rew2.2
FAIL [ash] fit: cifar10_paper_sweep/devries_bbvgg13_do1_run4_rew2.2
FAIL [newcsf] fit: supercifar_paper_sweep/devries_bbvgg13_do1_run2_rew2.2
FAIL [react] fit: cifar10_paper_sweep/devries_bbvgg13_do1_run4_rew2.2
FAIL [ash] fit: supercifar_paper_sweep/devries_bbvgg13_do1_run2_rew2.2
FAIL [react] calibrate: supercifar_paper_sweep/devries_bbvgg13_do1_run2_rew2.2
FAIL [newcsf] fit: cifar10_paper_sweep/devries_bbvgg13_do1_run5_rew2.2
FAIL [newcsf] fit: supercifar_paper_sweep/devries_bbvgg13_do1_run3_rew2.2
FAIL [ash] fit: cifar10_paper_sweep/devries_bbvgg13_do1_run5_rew2.2
FAIL [ash] fit: supercifar_paper_sweep/devries_bbvgg13_do1_run3_rew2.2
FAIL [react] calibrate: supercifar_paper_sweep/devries_bbvgg13_do1_run3_rew2.2
FAIL [newcsf] fit: supercifar_paper_sweep/devries_bbvgg13_do1_run4_rew2.2
FAIL [react] fit: cifar10_paper_sweep/devries_bbvgg13_do1_run5_rew2.2
FAIL [ash] fit: supercifar_paper_sweep/devries_bbvgg13_do1_run4_rew2.2
FAIL [react] calibrate: supercifar_paper_sweep/devries_bbvgg13_do1_run4_rew2.2
FAIL [newcsf] fit: supercifar_paper_sweep/devries_bbvgg13_do1_run5_rew2.2
FAIL [ash] fit: supercifar_paper_sweep/devries_bbvgg13_do1_run5_rew2.2
FAIL [react] calibrate: supercifar_paper_sweep/devries_bbvgg13_do1_run5_rew2.2
FAIL [newcsf] fit: cifar100_paper_sweep/dg_bbvgg13_do1_run1_rew10
FAIL [ash] fit: cifar100_paper_sweep/dg_bbvgg13_do1_run1_rew10
FAIL [react] fit: cifar100_paper_sweep/dg_bbvgg13_do1_run1_rew10
FAIL [newcsf] fit: cifar100_paper_sweep/dg_bbvgg13_do1_run1_rew12
FAIL [ash] fit: cifar100_paper_sweep/dg_bbvgg13_do1_run1_rew12
FAIL [react] fit: cifar100_paper_sweep/dg_bbvgg13_do1_run1_rew12
FAIL [newcsf] fit: cifar100_paper_sweep/dg_bbvgg13_do1_run1_rew15
FAIL [ash] fit: cifar100_paper_sweep/dg_bbvgg13_do1_run1_rew15
FAIL [react] fit: cifar100_paper_sweep/dg_bbvgg13_do1_run1_rew15
FAIL [newcsf] fit: cifar100_paper_sweep/dg_bbvgg13_do1_run1_rew20
FAIL [ash] fit: cifar100_paper_sweep/dg_bbvgg13_do1_run1_rew20
FAIL [react] fit: cifar100_paper_sweep/dg_bbvgg13_do1_run1_rew20
FAIL [newcsf] fit: cifar100_paper_sweep/dg_bbvgg13_do1_run1_rew6
FAIL [ash] fit: cifar100_paper_sweep/dg_bbvgg13_do1_run1_rew6
FAIL [react] fit: cifar100_paper_sweep/dg_bbvgg13_do1_run1_rew6
FAIL [newcsf] fit: cifar100_paper_sweep/dg_bbvgg13_do1_run2_rew10
FAIL [ash] fit: cifar100_paper_sweep/dg_bbvgg13_do1_run2_rew10
FAIL [react] fit: cifar100_paper_sweep/dg_bbvgg13_do1_run2_rew10
FAIL [newcsf] fit: cifar100_paper_sweep/dg_bbvgg13_do1_run2_rew12
FAIL [ash] fit: cifar100_paper_sweep/dg_bbvgg13_do1_run2_rew12
FAIL [react] fit: cifar100_paper_sweep/dg_bbvgg13_do1_run2_rew12
FAIL [newcsf] fit: cifar100_paper_sweep/dg_bbvgg13_do1_run2_rew15
FAIL [ash] fit: cifar100_paper_sweep/dg_bbvgg13_do1_run2_rew15
FAIL [react] fit: cifar100_paper_sweep/dg_bbvgg13_do1_run2_rew15
FAIL [newcsf] fit: cifar100_paper_sweep/dg_bbvgg13_do1_run2_rew20
FAIL [ash] fit: cifar100_paper_sweep/dg_bbvgg13_do1_run2_rew20
FAIL [react] fit: cifar100_paper_sweep/dg_bbvgg13_do1_run2_rew20
FAIL [newcsf] fit: cifar100_paper_sweep/dg_bbvgg13_do1_run2_rew6
FAIL [ash] fit: cifar100_paper_sweep/dg_bbvgg13_do1_run2_rew6
FAIL [react] fit: cifar100_paper_sweep/dg_bbvgg13_do1_run2_rew6
FAIL [newcsf] fit: cifar100_paper_sweep/dg_bbvgg13_do1_run3_rew10
FAIL [ash] fit: cifar100_paper_sweep/dg_bbvgg13_do1_run3_rew10
FAIL [react] fit: cifar100_paper_sweep/dg_bbvgg13_do1_run3_rew10
FAIL [newcsf] fit: cifar100_paper_sweep/dg_bbvgg13_do1_run3_rew12
FAIL [ash] fit: cifar100_paper_sweep/dg_bbvgg13_do1_run3_rew12
FAIL [react] fit: cifar100_paper_sweep/dg_bbvgg13_do1_run3_rew12
FAIL [newcsf] fit: cifar100_paper_sweep/dg_bbvgg13_do1_run3_rew15
FAIL [ash] fit: cifar100_paper_sweep/dg_bbvgg13_do1_run3_rew15
FAIL [react] fit: cifar100_paper_sweep/dg_bbvgg13_do1_run3_rew15
FAIL [newcsf] fit: cifar100_paper_sweep/dg_bbvgg13_do1_run3_rew20
FAIL [ash] fit: cifar100_paper_sweep/dg_bbvgg13_do1_run3_rew20
FAIL [react] fit: cifar100_paper_sweep/dg_bbvgg13_do1_run3_rew20
FAIL [newcsf] fit: cifar100_paper_sweep/dg_bbvgg13_do1_run3_rew6
FAIL [ash] fit: cifar100_paper_sweep/dg_bbvgg13_do1_run3_rew6
FAIL [react] fit: cifar100_paper_sweep/dg_bbvgg13_do1_run3_rew6
FAIL [newcsf] fit: cifar100_paper_sweep/dg_bbvgg13_do1_run4_rew10
FAIL [ash] fit: cifar100_paper_sweep/dg_bbvgg13_do1_run4_rew10
FAIL [react] fit: cifar100_paper_sweep/dg_bbvgg13_do1_run4_rew10
FAIL [newcsf] fit: cifar100_paper_sweep/dg_bbvgg13_do1_run4_rew12
FAIL [ash] fit: cifar100_paper_sweep/dg_bbvgg13_do1_run4_rew12
FAIL [react] fit: cifar100_paper_sweep/dg_bbvgg13_do1_run4_rew12
FAIL [newcsf] fit: cifar100_paper_sweep/dg_bbvgg13_do1_run4_rew15
FAIL [ash] fit: cifar100_paper_sweep/dg_bbvgg13_do1_run4_rew15
FAIL [react] fit: cifar100_paper_sweep/dg_bbvgg13_do1_run4_rew15
FAIL [newcsf] fit: cifar100_paper_sweep/dg_bbvgg13_do1_run4_rew20
FAIL [ash] fit: cifar100_paper_sweep/dg_bbvgg13_do1_run4_rew20
FAIL [react] fit: cifar100_paper_sweep/dg_bbvgg13_do1_run4_rew20
FAIL [newcsf] fit: cifar100_paper_sweep/dg_bbvgg13_do1_run4_rew6
FAIL [ash] fit: cifar100_paper_sweep/dg_bbvgg13_do1_run4_rew6
FAIL [react] fit: cifar100_paper_sweep/dg_bbvgg13_do1_run4_rew6
FAIL [newcsf] fit: cifar100_paper_sweep/dg_bbvgg13_do1_run5_rew10
FAIL [ash] fit: cifar100_paper_sweep/dg_bbvgg13_do1_run5_rew10
FAIL [react] fit: cifar100_paper_sweep/dg_bbvgg13_do1_run5_rew10
FAIL [newcsf] fit: cifar100_paper_sweep/dg_bbvgg13_do1_run5_rew12
FAIL [ash] fit: cifar100_paper_sweep/dg_bbvgg13_do1_run5_rew12
FAIL [react] fit: cifar100_paper_sweep/dg_bbvgg13_do1_run5_rew12
FAIL [newcsf] fit: cifar100_paper_sweep/dg_bbvgg13_do1_run5_rew15
FAIL [newcsf] fit: cifar10_paper_sweep/dg_bbvgg13_do1_run1_rew10
FAIL [ash] fit: cifar100_paper_sweep/dg_bbvgg13_do1_run5_rew15
FAIL [ash] fit: cifar10_paper_sweep/dg_bbvgg13_do1_run1_rew10
FAIL [react] fit: cifar100_paper_sweep/dg_bbvgg13_do1_run5_rew15
FAIL [react] fit: cifar10_paper_sweep/dg_bbvgg13_do1_run1_rew10
FAIL [newcsf] fit: cifar100_paper_sweep/dg_bbvgg13_do1_run5_rew20
FAIL [newcsf] fit: cifar10_paper_sweep/dg_bbvgg13_do1_run1_rew2.2
FAIL [ash] fit: cifar100_paper_sweep/dg_bbvgg13_do1_run5_rew20
FAIL [ash] fit: cifar10_paper_sweep/dg_bbvgg13_do1_run1_rew2.2
FAIL [react] fit: cifar10_paper_sweep/dg_bbvgg13_do1_run1_rew2.2
FAIL [react] fit: cifar100_paper_sweep/dg_bbvgg13_do1_run5_rew20
FAIL [newcsf] fit: cifar10_paper_sweep/dg_bbvgg13_do1_run1_rew3
FAIL [newcsf] fit: cifar100_paper_sweep/dg_bbvgg13_do1_run5_rew6
FAIL [ash] fit: cifar10_paper_sweep/dg_bbvgg13_do1_run1_rew3
FAIL [ash] fit: cifar100_paper_sweep/dg_bbvgg13_do1_run5_rew6
FAIL [react] fit: cifar10_paper_sweep/dg_bbvgg13_do1_run1_rew3
FAIL [newcsf] fit: cifar10_paper_sweep/dg_bbvgg13_do1_run1_rew6
FAIL [react] fit: cifar100_paper_sweep/dg_bbvgg13_do1_run5_rew6
FAIL [ash] fit: cifar10_paper_sweep/dg_bbvgg13_do1_run1_rew6
FAIL [react] fit: cifar10_paper_sweep/dg_bbvgg13_do1_run1_rew6
FAIL [newcsf] fit: cifar10_paper_sweep/dg_bbvgg13_do1_run2_rew10
FAIL [ash] fit: cifar10_paper_sweep/dg_bbvgg13_do1_run2_rew10
FAIL [react] fit: cifar10_paper_sweep/dg_bbvgg13_do1_run2_rew10
FAIL [newcsf] fit: cifar10_paper_sweep/dg_bbvgg13_do1_run2_rew2.2
FAIL [ash] fit: cifar10_paper_sweep/dg_bbvgg13_do1_run2_rew2.2
FAIL [react] fit: cifar10_paper_sweep/dg_bbvgg13_do1_run2_rew2.2
FAIL [newcsf] fit: cifar10_paper_sweep/dg_bbvgg13_do1_run2_rew3
FAIL [ash] fit: cifar10_paper_sweep/dg_bbvgg13_do1_run2_rew3
FAIL [react] fit: cifar10_paper_sweep/dg_bbvgg13_do1_run2_rew3
FAIL [newcsf] fit: cifar10_paper_sweep/dg_bbvgg13_do1_run2_rew6
FAIL [ash] fit: cifar10_paper_sweep/dg_bbvgg13_do1_run2_rew6
FAIL [react] fit: cifar10_paper_sweep/dg_bbvgg13_do1_run2_rew6
FAIL [newcsf] fit: cifar10_paper_sweep/dg_bbvgg13_do1_run3_rew10
FAIL [ash] fit: cifar10_paper_sweep/dg_bbvgg13_do1_run3_rew10
FAIL [react] fit: cifar10_paper_sweep/dg_bbvgg13_do1_run3_rew10
FAIL [newcsf] fit: cifar10_paper_sweep/dg_bbvgg13_do1_run3_rew2.2
FAIL [ash] fit: cifar10_paper_sweep/dg_bbvgg13_do1_run3_rew2.2
FAIL [react] fit: cifar10_paper_sweep/dg_bbvgg13_do1_run3_rew2.2
FAIL [newcsf] fit: cifar10_paper_sweep/dg_bbvgg13_do1_run3_rew3
FAIL [ash] fit: cifar10_paper_sweep/dg_bbvgg13_do1_run3_rew3
FAIL [react] fit: cifar10_paper_sweep/dg_bbvgg13_do1_run3_rew3
FAIL [newcsf] fit: cifar10_paper_sweep/dg_bbvgg13_do1_run3_rew6
FAIL [ash] fit: cifar10_paper_sweep/dg_bbvgg13_do1_run3_rew6
FAIL [react] fit: cifar10_paper_sweep/dg_bbvgg13_do1_run3_rew6
FAIL [newcsf] fit: cifar10_paper_sweep/dg_bbvgg13_do1_run4_rew10
FAIL [newcsf] eval ood_sncs_sc100: tiny-imagenet-200_paper_sweep/confidnet_bbvgg13_do0_run1_rew2.2
FAIL [ash] fit: cifar10_paper_sweep/dg_bbvgg13_do1_run4_rew10
FAIL [react] fit: cifar10_paper_sweep/dg_bbvgg13_do1_run4_rew10
FAIL [newcsf] fit: cifar10_paper_sweep/dg_bbvgg13_do1_run4_rew2.2
FAIL [ash] fit: cifar10_paper_sweep/dg_bbvgg13_do1_run4_rew2.2
FAIL [ash] eval ood_sncs_sc100: tiny-imagenet-200_paper_sweep/confidnet_bbvgg13_do0_run1_rew2.2
FAIL [react] fit: cifar10_paper_sweep/dg_bbvgg13_do1_run4_rew2.2
FAIL [newcsf] fit: cifar10_paper_sweep/dg_bbvgg13_do1_run4_rew3
FAIL [ash] fit: cifar10_paper_sweep/dg_bbvgg13_do1_run4_rew3
FAIL [react] eval ood_sncs_sc100: tiny-imagenet-200_paper_sweep/confidnet_bbvgg13_do0_run1_rew2.2
FAIL [react] fit: cifar10_paper_sweep/dg_bbvgg13_do1_run4_rew3
FAIL [newcsf] fit: cifar10_paper_sweep/dg_bbvgg13_do1_run4_rew6
FAIL [ash] fit: cifar10_paper_sweep/dg_bbvgg13_do1_run4_rew6
FAIL [newcsf] eval ood_sncs_sc100: tiny-imagenet-200_paper_sweep/confidnet_bbvgg13_do0_run2_rew2.2
FAIL [react] fit: cifar10_paper_sweep/dg_bbvgg13_do1_run4_rew6
FAIL [newcsf] fit: cifar10_paper_sweep/dg_bbvgg13_do1_run5_rew10
FAIL [ash] fit: cifar10_paper_sweep/dg_bbvgg13_do1_run5_rew10
FAIL [react] fit: cifar10_paper_sweep/dg_bbvgg13_do1_run5_rew10
FAIL [newcsf] fit: cifar10_paper_sweep/dg_bbvgg13_do1_run5_rew2.2
FAIL [ash] eval ood_sncs_sc100: tiny-imagenet-200_paper_sweep/confidnet_bbvgg13_do0_run2_rew2.2
FAIL [ash] fit: cifar10_paper_sweep/dg_bbvgg13_do1_run5_rew2.2
FAIL [react] fit: cifar10_paper_sweep/dg_bbvgg13_do1_run5_rew2.2
FAIL [newcsf] fit: cifar10_paper_sweep/dg_bbvgg13_do1_run5_rew3
FAIL [ash] fit: cifar10_paper_sweep/dg_bbvgg13_do1_run5_rew3
FAIL [react] eval ood_sncs_sc100: tiny-imagenet-200_paper_sweep/confidnet_bbvgg13_do0_run2_rew2.2
FAIL [react] fit: cifar10_paper_sweep/dg_bbvgg13_do1_run5_rew3
FAIL [newcsf] fit: cifar10_paper_sweep/dg_bbvgg13_do1_run5_rew6
FAIL [ash] fit: cifar10_paper_sweep/dg_bbvgg13_do1_run5_rew6
FAIL [newcsf] eval ood_sncs_sc100: tiny-imagenet-200_paper_sweep/confidnet_bbvgg13_do0_run3_rew2.2
FAIL [react] fit: cifar10_paper_sweep/dg_bbvgg13_do1_run5_rew6
FAIL [ash] eval ood_sncs_sc100: tiny-imagenet-200_paper_sweep/confidnet_bbvgg13_do0_run3_rew2.2
FAIL [react] eval ood_sncs_sc100: tiny-imagenet-200_paper_sweep/confidnet_bbvgg13_do0_run3_rew2.2
FAIL [newcsf] eval ood_sncs_sc100: tiny-imagenet-200_paper_sweep/confidnet_bbvgg13_do0_run4_rew2.2
FAIL [ash] eval ood_sncs_sc100: tiny-imagenet-200_paper_sweep/confidnet_bbvgg13_do0_run4_rew2.2
FAIL [react] eval ood_sncs_sc100: tiny-imagenet-200_paper_sweep/confidnet_bbvgg13_do0_run4_rew2.2
FAIL [newcsf] eval ood_sncs_sc100: tiny-imagenet-200_paper_sweep/confidnet_bbvgg13_do0_run5_rew2.2
FAIL [ash] eval ood_sncs_sc100: tiny-imagenet-200_paper_sweep/confidnet_bbvgg13_do0_run5_rew2.2
FAIL [react] eval ood_sncs_sc100: tiny-imagenet-200_paper_sweep/confidnet_bbvgg13_do0_run5_rew2.2
FAIL [newcsf] fit: tiny-imagenet-200_paper_sweep/confidnet_bbvgg13_do1_run1_rew2.2
FAIL [ash] fit: tiny-imagenet-200_paper_sweep/confidnet_bbvgg13_do1_run1_rew2.2
FAIL [newcsf] fit: supercifar_paper_sweep/dg_bbvgg13_do1_run1_rew10
FAIL [ash] fit: supercifar_paper_sweep/dg_bbvgg13_do1_run1_rew10
FAIL [react] calibrate: supercifar_paper_sweep/dg_bbvgg13_do1_run1_rew10
FAIL [newcsf] fit: supercifar_paper_sweep/dg_bbvgg13_do1_run1_rew12
FAIL [react] fit: tiny-imagenet-200_paper_sweep/confidnet_bbvgg13_do1_run1_rew2.2
FAIL [ash] fit: supercifar_paper_sweep/dg_bbvgg13_do1_run1_rew12
FAIL [react] calibrate: supercifar_paper_sweep/dg_bbvgg13_do1_run1_rew12
FAIL [newcsf] fit: supercifar_paper_sweep/dg_bbvgg13_do1_run1_rew15
FAIL [ash] fit: supercifar_paper_sweep/dg_bbvgg13_do1_run1_rew15
FAIL [react] calibrate: supercifar_paper_sweep/dg_bbvgg13_do1_run1_rew15
FAIL [newcsf] fit: supercifar_paper_sweep/dg_bbvgg13_do1_run1_rew2.2
FAIL [ash] fit: supercifar_paper_sweep/dg_bbvgg13_do1_run1_rew2.2
FAIL [react] calibrate: supercifar_paper_sweep/dg_bbvgg13_do1_run1_rew2.2
FAIL [newcsf] fit: supercifar_paper_sweep/dg_bbvgg13_do1_run1_rew20
FAIL [ash] fit: supercifar_paper_sweep/dg_bbvgg13_do1_run1_rew20
FAIL [react] calibrate: supercifar_paper_sweep/dg_bbvgg13_do1_run1_rew20
FAIL [newcsf] fit: supercifar_paper_sweep/dg_bbvgg13_do1_run1_rew3
FAIL [ash] fit: supercifar_paper_sweep/dg_bbvgg13_do1_run1_rew3
FAIL [react] calibrate: supercifar_paper_sweep/dg_bbvgg13_do1_run1_rew3
FAIL [newcsf] fit: supercifar_paper_sweep/dg_bbvgg13_do1_run1_rew6
FAIL [ash] fit: supercifar_paper_sweep/dg_bbvgg13_do1_run1_rew6
FAIL [react] calibrate: supercifar_paper_sweep/dg_bbvgg13_do1_run1_rew6
FAIL [newcsf] fit: tiny-imagenet-200_paper_sweep/confidnet_bbvgg13_do1_run2_rew2.2
FAIL [newcsf] fit: supercifar_paper_sweep/dg_bbvgg13_do1_run2_rew10
FAIL [ash] fit: supercifar_paper_sweep/dg_bbvgg13_do1_run2_rew10
FAIL [react] calibrate: supercifar_paper_sweep/dg_bbvgg13_do1_run2_rew10
FAIL [newcsf] fit: supercifar_paper_sweep/dg_bbvgg13_do1_run2_rew12
FAIL [ash] fit: supercifar_paper_sweep/dg_bbvgg13_do1_run2_rew12
FAIL [react] calibrate: supercifar_paper_sweep/dg_bbvgg13_do1_run2_rew12
FAIL [newcsf] fit: supercifar_paper_sweep/dg_bbvgg13_do1_run2_rew15
FAIL [ash] fit: supercifar_paper_sweep/dg_bbvgg13_do1_run2_rew15
FAIL [react] calibrate: supercifar_paper_sweep/dg_bbvgg13_do1_run2_rew15
FAIL [newcsf] fit: supercifar_paper_sweep/dg_bbvgg13_do1_run2_rew2.2
FAIL [ash] fit: supercifar_paper_sweep/dg_bbvgg13_do1_run2_rew2.2
FAIL [react] calibrate: supercifar_paper_sweep/dg_bbvgg13_do1_run2_rew2.2
FAIL [newcsf] fit: supercifar_paper_sweep/dg_bbvgg13_do1_run2_rew20
FAIL [ash] fit: supercifar_paper_sweep/dg_bbvgg13_do1_run2_rew20
FAIL [react] calibrate: supercifar_paper_sweep/dg_bbvgg13_do1_run2_rew20
FAIL [newcsf] fit: supercifar_paper_sweep/dg_bbvgg13_do1_run2_rew3
FAIL [ash] fit: supercifar_paper_sweep/dg_bbvgg13_do1_run2_rew3
FAIL [react] calibrate: supercifar_paper_sweep/dg_bbvgg13_do1_run2_rew3
FAIL [newcsf] fit: supercifar_paper_sweep/dg_bbvgg13_do1_run2_rew6
FAIL [ash] fit: tiny-imagenet-200_paper_sweep/confidnet_bbvgg13_do1_run2_rew2.2
FAIL [ash] fit: supercifar_paper_sweep/dg_bbvgg13_do1_run2_rew6
FAIL [react] calibrate: supercifar_paper_sweep/dg_bbvgg13_do1_run2_rew6
FAIL [newcsf] fit: supercifar_paper_sweep/dg_bbvgg13_do1_run3_rew10
FAIL [ash] fit: supercifar_paper_sweep/dg_bbvgg13_do1_run3_rew10
FAIL [react] calibrate: supercifar_paper_sweep/dg_bbvgg13_do1_run3_rew10
FAIL [newcsf] fit: supercifar_paper_sweep/dg_bbvgg13_do1_run3_rew12
FAIL [ash] fit: supercifar_paper_sweep/dg_bbvgg13_do1_run3_rew12
FAIL [react] calibrate: supercifar_paper_sweep/dg_bbvgg13_do1_run3_rew12
FAIL [newcsf] fit: supercifar_paper_sweep/dg_bbvgg13_do1_run3_rew15
FAIL [ash] fit: supercifar_paper_sweep/dg_bbvgg13_do1_run3_rew15
FAIL [react] calibrate: supercifar_paper_sweep/dg_bbvgg13_do1_run3_rew15
FAIL [newcsf] fit: supercifar_paper_sweep/dg_bbvgg13_do1_run3_rew2.2
FAIL [ash] fit: supercifar_paper_sweep/dg_bbvgg13_do1_run3_rew2.2
FAIL [react] calibrate: supercifar_paper_sweep/dg_bbvgg13_do1_run3_rew2.2
FAIL [newcsf] fit: supercifar_paper_sweep/dg_bbvgg13_do1_run3_rew20
FAIL [ash] fit: supercifar_paper_sweep/dg_bbvgg13_do1_run3_rew20
FAIL [react] calibrate: supercifar_paper_sweep/dg_bbvgg13_do1_run3_rew20
FAIL [react] fit: tiny-imagenet-200_paper_sweep/confidnet_bbvgg13_do1_run2_rew2.2
FAIL [newcsf] fit: supercifar_paper_sweep/dg_bbvgg13_do1_run3_rew3
FAIL [ash] fit: supercifar_paper_sweep/dg_bbvgg13_do1_run3_rew3
FAIL [react] calibrate: supercifar_paper_sweep/dg_bbvgg13_do1_run3_rew3
FAIL [newcsf] fit: supercifar_paper_sweep/dg_bbvgg13_do1_run3_rew6
FAIL [ash] fit: supercifar_paper_sweep/dg_bbvgg13_do1_run3_rew6
FAIL [react] calibrate: supercifar_paper_sweep/dg_bbvgg13_do1_run3_rew6
FAIL [newcsf] fit: supercifar_paper_sweep/dg_bbvgg13_do1_run4_rew10
FAIL [ash] fit: supercifar_paper_sweep/dg_bbvgg13_do1_run4_rew10
FAIL [react] calibrate: supercifar_paper_sweep/dg_bbvgg13_do1_run4_rew10
FAIL [newcsf] fit: supercifar_paper_sweep/dg_bbvgg13_do1_run4_rew12
FAIL [ash] fit: supercifar_paper_sweep/dg_bbvgg13_do1_run4_rew12
FAIL [react] calibrate: supercifar_paper_sweep/dg_bbvgg13_do1_run4_rew12
FAIL [newcsf] fit: supercifar_paper_sweep/dg_bbvgg13_do1_run4_rew15
FAIL [ash] fit: supercifar_paper_sweep/dg_bbvgg13_do1_run4_rew15
FAIL [react] calibrate: supercifar_paper_sweep/dg_bbvgg13_do1_run4_rew15
FAIL [newcsf] fit: supercifar_paper_sweep/dg_bbvgg13_do1_run4_rew2.2
FAIL [newcsf] fit: tiny-imagenet-200_paper_sweep/confidnet_bbvgg13_do1_run3_rew2.2
FAIL [ash] fit: supercifar_paper_sweep/dg_bbvgg13_do1_run4_rew2.2
FAIL [react] calibrate: supercifar_paper_sweep/dg_bbvgg13_do1_run4_rew2.2
FAIL [newcsf] fit: supercifar_paper_sweep/dg_bbvgg13_do1_run4_rew20
FAIL [ash] fit: supercifar_paper_sweep/dg_bbvgg13_do1_run4_rew20
FAIL [react] calibrate: supercifar_paper_sweep/dg_bbvgg13_do1_run4_rew20
FAIL [newcsf] fit: supercifar_paper_sweep/dg_bbvgg13_do1_run4_rew3
FAIL [ash] fit: supercifar_paper_sweep/dg_bbvgg13_do1_run4_rew3
FAIL [react] calibrate: supercifar_paper_sweep/dg_bbvgg13_do1_run4_rew3
FAIL [newcsf] fit: supercifar_paper_sweep/dg_bbvgg13_do1_run4_rew6
FAIL [ash] fit: supercifar_paper_sweep/dg_bbvgg13_do1_run4_rew6
FAIL [react] calibrate: supercifar_paper_sweep/dg_bbvgg13_do1_run4_rew6
FAIL [newcsf] fit: supercifar_paper_sweep/dg_bbvgg13_do1_run5_rew10
FAIL [ash] fit: supercifar_paper_sweep/dg_bbvgg13_do1_run5_rew10
FAIL [react] calibrate: supercifar_paper_sweep/dg_bbvgg13_do1_run5_rew10
FAIL [newcsf] fit: supercifar_paper_sweep/dg_bbvgg13_do1_run5_rew12
FAIL [ash] fit: supercifar_paper_sweep/dg_bbvgg13_do1_run5_rew12
FAIL [react] calibrate: supercifar_paper_sweep/dg_bbvgg13_do1_run5_rew12
FAIL [newcsf] fit: supercifar_paper_sweep/dg_bbvgg13_do1_run5_rew15
FAIL [ash] fit: tiny-imagenet-200_paper_sweep/confidnet_bbvgg13_do1_run3_rew2.2
FAIL [ash] fit: supercifar_paper_sweep/dg_bbvgg13_do1_run5_rew15
FAIL [react] calibrate: supercifar_paper_sweep/dg_bbvgg13_do1_run5_rew15
FAIL [newcsf] fit: supercifar_paper_sweep/dg_bbvgg13_do1_run5_rew2.2
FAIL [ash] fit: supercifar_paper_sweep/dg_bbvgg13_do1_run5_rew2.2
FAIL [react] calibrate: supercifar_paper_sweep/dg_bbvgg13_do1_run5_rew2.2
FAIL [newcsf] fit: supercifar_paper_sweep/dg_bbvgg13_do1_run5_rew20
FAIL [ash] fit: supercifar_paper_sweep/dg_bbvgg13_do1_run5_rew20
FAIL [react] calibrate: supercifar_paper_sweep/dg_bbvgg13_do1_run5_rew20
FAIL [newcsf] fit: supercifar_paper_sweep/dg_bbvgg13_do1_run5_rew3
FAIL [ash] fit: supercifar_paper_sweep/dg_bbvgg13_do1_run5_rew3
FAIL [react] calibrate: supercifar_paper_sweep/dg_bbvgg13_do1_run5_rew3
FAIL [newcsf] fit: supercifar_paper_sweep/dg_bbvgg13_do1_run5_rew6
FAIL [ash] fit: supercifar_paper_sweep/dg_bbvgg13_do1_run5_rew6
FAIL [react] calibrate: supercifar_paper_sweep/dg_bbvgg13_do1_run5_rew6
FAIL [react] fit: tiny-imagenet-200_paper_sweep/confidnet_bbvgg13_do1_run3_rew2.2
FAIL [newcsf] fit: tiny-imagenet-200_paper_sweep/confidnet_bbvgg13_do1_run4_rew2.2
FAIL [ash] fit: tiny-imagenet-200_paper_sweep/confidnet_bbvgg13_do1_run4_rew2.2
FAIL [react] fit: tiny-imagenet-200_paper_sweep/confidnet_bbvgg13_do1_run4_rew2.2
